--: python: command not found
